// Jest Snapshot v1, https://goo.gl/fbAQLP

exports[`works 1`] = `
<div>
  <main>
    <div
      class="sknui-div"
      value=""
    >
      Hello a
    </div>
    <style
      jsx="true"
    >
      
          div.sknui-div {
            background-color:red;padding:10;;
          }
          div.sknui-div:hover:enabled {
            ;
          }
          div.sknui-div:focus:enabled {
            ;
          }
          div.sknui-div:disabled {
            ;
          }
          @media screen and (min-width: 480px) {
            div.sknui-div {
              ;
            }
            div.sknui-div:hover:enabled {
              ;
            }
            div.sknui-div:focus:enabled {
              ;
            }
            div.sknui-div:disabled {
              ;
            }
          }
          @media screen and (min-width: 768px) {
            div.sknui-div {
              ;
            }
            div.sknui-div:hover:enabled {
              ;
            }
            div.sknui-div:focus:enabled {
              ;
            }
            div.sknui-div:disabled {
              ;
            }
          }
          @media screen and (min-width: 992px) {
            div.sknui-div {
              ;
            }
            div.sknui-div:hover:enabled {
              ;
            }
            div.sknui-div:focus:enabled {
              ;
            }
            div.sknui-div:disabled {
              ;
            }
          }
          @media screen and (min-width: 1200px) {
            div.sknui-div {
              ;
            }
            div.sknui-div:hover:enabled {
              ;
            }
            div.sknui-div:focus:enabled {
              ;
            }
            div.sknui-div:disabled {
              ;
            }
          }
        
    </style>
  </main>
</div>
`;
