// Jest Snapshot v1, https://goo.gl/fbAQLP

exports[`Box renders correctly 1`] = `
<RCTScrollView
  contentContainerStyle={
    Object {
      "alignItems": undefined,
      "flexGrow": 1,
      "justifyContent": undefined,
    }
  }
  style={
    Array [
      Object {
        "backgroundColor": "#E1E1E1",
        "flexBasis": 0,
        "flexGrow": 1,
        "flexShrink": 1,
        "paddingLeft": 16,
        "paddingRight": 16,
        "paddingTop": 80,
        "width": "100%",
      },
    ]
  }
>
  <View>
    Welcome to @skynexui!
  </View>
</RCTScrollView>
`;
